// Jest Snapshot v1, https://goo.gl/fbAQLP

exports[`Matches the snapshot 1`] = `
<div
  className="graph_editor.css"
>
  <script
    src="../components/graph_editor/graph_editor.js"
  />
</div>
`;
