// Jest Snapshot v1, https://goo.gl/fbAQLP

exports[`Matches the snapshot 1`] = `
<div>
  <div>
    <div
      className="diagram-component"
    />
  </div>
</div>
`;
